// Jest Snapshot v1, https://goo.gl/fbAQLP

exports[`<App /> should render and match the snapshot 1`] = `
<BrowserRouter>
  <Header />
  <Switch>
    <Route
      Component={[Function]}
      exact={true}
      path="/"
    >
      <Registro />
    </Route>
    <Route
      Component={[Function]}
      path="/SignUp"
    >
      <Registro />
    </Route>
    <Route
      Component={[Function]}
      path="/SignIn"
    >
      <InicioSesion />
    </Route>
    <Route
      Component={[Function]}
      path="/Category"
    >
      <Categoria />
    </Route>
    <Route
      component={[Function]}
      path="*"
    >
      <NotFound />
    </Route>
  </Switch>
  <Footer />
</BrowserRouter>
`;
